#-----------------------------------------------------------
# Vivado v2024.1 (64-bit)
# SW Build 5076996 on Wed May 22 18:37:14 MDT 2024
# IP Build 5075265 on Wed May 22 21:45:21 MDT 2024
# SharedData Build 5076995 on Wed May 22 18:29:18 MDT 2024
# Start of session at: Sat May 17 11:44:42 2025
# Process ID: 4064
# Current directory: C:/Github/HLS_Convolution/Convolution/solution1/impl/ip
# Command line: vivado.exe -notrace -mode batch -source run_ippack.tcl
# Log file: C:/Github/HLS_Convolution/Convolution/solution1/impl/ip/vivado.log
# Journal file: C:/Github/HLS_Convolution/Convolution/solution1/impl/ip\vivado.jou
# Running On        :5CD322B2BW
# Platform          :Windows Server 2016 or Windows 10
# Operating System  :26100
# Processor Detail  :AMD Ryzen 5 PRO 7530U with Radeon Graphics     
# CPU Frequency     :1996 MHz
# CPU Physical cores:6
# CPU Logical cores :12
# Host memory       :16442 MB
# Swap memory       :4026 MB
# Total Virtual     :20469 MB
# Available Virtual :1088 MB
#-----------------------------------------------------------
source run_ippack.tcl -notrace
